[presentwebsite.com/demo/52669.html]
[backblue.gif]
[fade.gif]
[index.html]
[presentwebsite.com/themes/presentwebsite/images/apple-icon-57x57.png]
[presentwebsite.com/themes/presentwebsite/images/apple-icon-60x60.png]
[presentwebsite.com/themes/presentwebsite/images/apple-icon-72x72.png]
[presentwebsite.com/themes/presentwebsite/images/apple-icon-76x76.png]
[presentwebsite.com/themes/presentwebsite/images/apple-icon-114x114.png]
[presentwebsite.com/themes/presentwebsite/images/apple-icon-120x120.png]
[presentwebsite.com/themes/presentwebsite/images/apple-icon-144x144.png]
[presentwebsite.com/themes/presentwebsite/images/apple-icon-152x152.png]
[presentwebsite.com/themes/presentwebsite/images/apple-icon-180x180.png]
[presentwebsite.com/themes/presentwebsite/images/android-icon-192x192.png]
[presentwebsite.com/themes/presentwebsite/images/favicon-32x32.png]
[presentwebsite.com/themes/presentwebsite/images/favicon-96x96.png]
[presentwebsite.com/themes/presentwebsite/images/favicon-16x16.png]
[presentwebsite.com/themes/presentwebsite/images/ms-icon-144x144.png]
[scr.template-help.com/52600/52669-big.f.delayed]
[connect.facebook.net/en_US/fbevents.js]
[presentwebsite.com/themes/presentwebsite/css/color_scheme/orange.css]
[www.google-analytics.com/analytics.js]
[presentwebsite.com/themes/presentwebsite/plugins/jquery/jquery-2.2.3.min.js]
[presentwebsite.com/demo/52669.html]
[scr.template-help.com/52600/52669-big.html]
[presentwebsite.com/themes/presentwebsite/js/scripts.js]
[presentwebsite.com/themes/presentwebsite/images/_smarty/patterns/pattern1.png]
[presentwebsite.com/themes/presentwebsite/images/_smarty/patterns/pattern2.png]
[presentwebsite.com/themes/presentwebsite/images/_smarty/patterns/pattern3.png]
[presentwebsite.com/themes/presentwebsite/images/_smarty/patterns/pattern4.png]
[presentwebsite.com/themes/presentwebsite/images/_smarty/patterns/pattern5.png]
[presentwebsite.com/themes/presentwebsite/images/_smarty/patterns/pattern6.png]
[presentwebsite.com/themes/presentwebsite/images/_smarty/patterns/pattern7.png]
[presentwebsite.com/themes/presentwebsite/images/_smarty/patterns/pattern8.png]
[presentwebsite.com/themes/presentwebsite/images/_smarty/patterns/pattern9.png]
[presentwebsite.com/themes/presentwebsite/images/_smarty/patterns/pattern10.png]
[presentwebsite.com/themes/presentwebsite/images/_smarty/patterns/pattern11.png]
[presentwebsite.com/themes/presentwebsite/images/_smarty/grabbing.png]
[presentwebsite.com/themes/presentwebsite/css/color_scheme/owl.video.play.png]
[presentwebsite.com/themes/presentwebsite/css/color_scheme/orange.css]
[connect.facebook.net/en_US/fbevents.js]
[presentwebsite.com/themes/presentwebsite/css/color_scheme/owl.video.play.html]
[presentwebsite.com/demo/POST/index.html]
[presentwebsite.com/demo/POST/index.html]
